10
1010011001
1001100110
0110100110
0101011001
1010011010
0110100101
1001101010
0110010110
0101010101
1001101001
