12
110010011010
011011001001
001100110110
100110100101
010011011010
101001100101
110100100110
011010011001
001101011001
100101100110
110010110010
001101001101
