14
00110110010110
01100110100101
11001001101010
10010101011001
01100110010110
10011010101001
11001001011010
00110101100101
00110110101100
11001010010011
10101001010110
00110101101001
01001010110101
11011001001010
