8
11010100
01001101
00110011
10011010
01100101
10101001
01011010
10100110
