8
00110011
01100110
10011001
10010011
01101100
01101001
10010110
11001100
