8
00110011
10110010
01001101
10011001
01100110
11001010
00110101
11001100
